experiments/tau-knowledge/skill-evolution/runs/readiness-skillsbench-native-controller-20261008-001/evidence/final-boundary-regression.log:31: trailing whitespace.
+experiments/tau-knowledge/skill-evolution/tests/skill_evolution/test_spec.py:403: 
experiments/tau-knowledge/skill-evolution/runs/readiness-skillsbench-native-controller-20261008-001/evidence/final-boundary-regression.log:32: trailing whitespace.
+_ _ _ _ _ _ _ _ _ _ _ _ _ _ _ _ _ _ _ _ _ _ _ _ _ _ _ _ _ _ _ _ _ _ _ _ _ _ _ _ 
experiments/tau-knowledge/skill-evolution/runs/readiness-skillsbench-native-controller-20261008-001/evidence/final-boundary-regression.log:39: trailing whitespace.
+_ _ _ _ _ _ _ _ _ _ _ _ _ _ _ _ _ _ _ _ _ _ _ _ _ _ _ _ _ _ _ _ _ _ _ _ _ _ _ _ 
experiments/tau-knowledge/skill-evolution/runs/readiness-skillsbench-native-controller-20261008-001/evidence/final-boundary-regression.log:78: trailing whitespace.
+experiments/tau-knowledge/skill-evolution/tests/skill_evolution/test_spec.py:436: 
experiments/tau-knowledge/skill-evolution/runs/readiness-skillsbench-native-controller-20261008-001/evidence/final-boundary-regression.log:79: trailing whitespace.
+_ _ _ _ _ _ _ _ _ _ _ _ _ _ _ _ _ _ _ _ _ _ _ _ _ _ _ _ _ _ _ _ _ _ _ _ _ _ _ _ 
experiments/tau-knowledge/skill-evolution/runs/readiness-skillsbench-native-controller-20261008-001/evidence/final-boundary-regression.log:145: trailing whitespace.
+experiments/tau-knowledge/skill-evolution/tests/skill_evolution/test_spec.py:585: 
experiments/tau-knowledge/skill-evolution/runs/readiness-skillsbench-native-controller-20261008-001/evidence/final-boundary-regression.log:146: trailing whitespace.
+_ _ _ _ _ _ _ _ _ _ _ _ _ _ _ _ _ _ _ _ _ _ _ _ _ _ _ _ _ _ _ _ _ _ _ _ _ _ _ _ 
experiments/tau-knowledge/skill-evolution/runs/readiness-skillsbench-native-controller-20261008-001/evidence/final-boundary-regression.log:153: trailing whitespace.
+_ _ _ _ _ _ _ _ _ _ _ _ _ _ _ _ _ _ _ _ _ _ _ _ _ _ _ _ _ _ _ _ _ _ _ _ _ _ _ _ 
experiments/tau-knowledge/skill-evolution/runs/readiness-skillsbench-native-controller-20261008-001/evidence/offline-pytest.log:49: trailing whitespace.
+experiments/tau-knowledge/skill-evolution/tests/skill_evolution/test_spec.py:399: 
experiments/tau-knowledge/skill-evolution/runs/readiness-skillsbench-native-controller-20261008-001/evidence/offline-pytest.log:50: trailing whitespace.
+_ _ _ _ _ _ _ _ _ _ _ _ _ _ _ _ _ _ _ _ _ _ _ _ _ _ _ _ _ _ _ _ _ _ _ _ _ _ _ _ 
experiments/tau-knowledge/skill-evolution/runs/readiness-skillsbench-native-controller-20261008-001/evidence/offline-pytest.log:57: trailing whitespace.
+_ _ _ _ _ _ _ _ _ _ _ _ _ _ _ _ _ _ _ _ _ _ _ _ _ _ _ _ _ _ _ _ _ _ _ _ _ _ _ _ 
experiments/tau-knowledge/skill-evolution/runs/readiness-skillsbench-native-controller-20261008-001/evidence/offline-pytest.log:96: trailing whitespace.
+experiments/tau-knowledge/skill-evolution/tests/skill_evolution/test_spec.py:432: 
experiments/tau-knowledge/skill-evolution/runs/readiness-skillsbench-native-controller-20261008-001/evidence/offline-pytest.log:97: trailing whitespace.
+_ _ _ _ _ _ _ _ _ _ _ _ _ _ _ _ _ _ _ _ _ _ _ _ _ _ _ _ _ _ _ _ _ _ _ _ _ _ _ _ 
experiments/tau-knowledge/skill-evolution/runs/readiness-skillsbench-native-controller-20261008-001/evidence/offline-pytest.log:163: trailing whitespace.
+experiments/tau-knowledge/skill-evolution/tests/skill_evolution/test_spec.py:581: 
experiments/tau-knowledge/skill-evolution/runs/readiness-skillsbench-native-controller-20261008-001/evidence/offline-pytest.log:164: trailing whitespace.
+_ _ _ _ _ _ _ _ _ _ _ _ _ _ _ _ _ _ _ _ _ _ _ _ _ _ _ _ _ _ _ _ _ _ _ _ _ _ _ _ 
experiments/tau-knowledge/skill-evolution/runs/readiness-skillsbench-native-controller-20261008-001/evidence/offline-pytest.log:171: trailing whitespace.
+_ _ _ _ _ _ _ _ _ _ _ _ _ _ _ _ _ _ _ _ _ _ _ _ _ _ _ _ _ _ _ _ _ _ _ _ _ _ _ _ 
experiments/tau-knowledge/skill-evolution/runs/readiness-skillsbench-native-controller-20261008-003/evidence/absolute-deadline-after.log:6: new blank line at EOF.
experiments/tau-knowledge/skill-evolution/runs/readiness-skillsbench-native-controller-20261008-003/evidence/absolute-deadline-before.log:23: trailing whitespace.
+    
experiments/tau-knowledge/skill-evolution/runs/readiness-skillsbench-native-controller-20261008-003/evidence/absolute-deadline-before.log:30: trailing whitespace.
+    
experiments/tau-knowledge/skill-evolution/runs/readiness-skillsbench-native-controller-20261008-003/evidence/absolute-deadline-before.log:69: trailing whitespace.
+    
experiments/tau-knowledge/skill-evolution/runs/readiness-skillsbench-native-controller-20261008-003/evidence/absolute-deadline-before.log:76: trailing whitespace.
+    
experiments/tau-knowledge/skill-evolution/runs/readiness-skillsbench-native-controller-20261008-003/evidence/absolute-deadline-before.log:102: trailing whitespace.
+    
experiments/tau-knowledge/skill-evolution/runs/readiness-skillsbench-native-controller-20261008-003/evidence/absolute-deadline-before.log:107: trailing whitespace.
+    
experiments/tau-knowledge/skill-evolution/runs/readiness-skillsbench-native-controller-20261008-003/evidence/absolute-deadline-before.log:129: new blank line at EOF.
experiments/tau-knowledge/skill-evolution/runs/readiness-skillsbench-native-controller-20261008-003/evidence/nested-oracle-before.log:9: trailing whitespace.
+    
experiments/tau-knowledge/skill-evolution/runs/readiness-skillsbench-native-controller-20261008-003/evidence/nested-oracle-before.log:12: trailing whitespace.
+    
experiments/tau-knowledge/skill-evolution/runs/readiness-skillsbench-native-controller-20261008-003/evidence/nested-oracle-before.log:18: trailing whitespace.
+experiments/tau-knowledge/skill-evolution/tests/skill_evolution/test_skillsbench_evolution.py:656: 
experiments/tau-knowledge/skill-evolution/runs/readiness-skillsbench-native-controller-20261008-003/evidence/nested-oracle-before.log:19: trailing whitespace.
+_ _ _ _ _ _ _ _ _ _ _ _ _ _ _ _ _ _ _ _ _ _ _ _ _ _ _ _ _ _ _ _ _ _ _ _ _ _ _ _ 
experiments/tau-knowledge/skill-evolution/runs/readiness-skillsbench-native-controller-20261008-003/evidence/nested-oracle-before.log:25: trailing whitespace.
+    
experiments/tau-knowledge/skill-evolution/runs/readiness-skillsbench-native-controller-20261008-003/evidence/nested-oracle-before.log:29: trailing whitespace.
+    
experiments/tau-knowledge/skill-evolution/runs/readiness-skillsbench-native-controller-20261008-003/evidence/nested-oracle-before.log:32: trailing whitespace.
+    
experiments/tau-knowledge/skill-evolution/runs/readiness-skillsbench-native-controller-20261008-003/evidence/nested-oracle-before.log:34: trailing whitespace.
+    
experiments/tau-knowledge/skill-evolution/runs/readiness-skillsbench-native-controller-20261008-003/evidence/nested-oracle-before.log:38: trailing whitespace.
+    
experiments/tau-knowledge/skill-evolution/runs/readiness-skillsbench-native-controller-20261008-003/evidence/nested-oracle-before.log:42: trailing whitespace.
+    
experiments/tau-knowledge/skill-evolution/runs/readiness-skillsbench-native-controller-20261008-003/evidence/nested-oracle-before.log:44: trailing whitespace.
+    
experiments/tau-knowledge/skill-evolution/runs/readiness-skillsbench-native-controller-20261008-003/evidence/nested-oracle-before.log:48: trailing whitespace.
+    
experiments/tau-knowledge/skill-evolution/runs/readiness-skillsbench-native-controller-20261008-003/evidence/nested-oracle-before.log:69: trailing whitespace.
+experiments/tau-knowledge/skill-evolution/tests/skill_evolution/test_skillsbench_evolution.py:110: 
experiments/tau-knowledge/skill-evolution/runs/readiness-skillsbench-native-controller-20261008-003/evidence/nested-oracle-before.log:70: trailing whitespace.
+_ _ _ _ _ _ _ _ _ _ _ _ _ _ _ _ _ _ _ _ _ _ _ _ _ _ _ _ _ _ _ _ _ _ _ _ _ _ _ _ 
experiments/tau-knowledge/skill-evolution/runs/readiness-skillsbench-native-controller-20261008-003/evidence/nested-oracle-before.log:75: trailing whitespace.
+_ _ _ _ _ _ _ _ _ _ _ _ _ _ _ _ _ _ _ _ _ _ _ _ _ _ _ _ _ _ _ _ _ _ _ _ _ _ _ _ 
experiments/tau-knowledge/skill-evolution/runs/readiness-skillsbench-native-controller-20261008-003/evidence/nested-oracle-before.log:125: trailing whitespace.
+    
experiments/tau-knowledge/skill-evolution/runs/readiness-skillsbench-native-controller-20261008-003/evidence/nested-oracle-before.log:130: trailing whitespace.
+    
experiments/tau-knowledge/skill-evolution/runs/readiness-skillsbench-native-controller-20261008-003/evidence/nested-oracle-before.log:136: trailing whitespace.
+    
experiments/tau-knowledge/skill-evolution/runs/readiness-skillsbench-native-controller-20261008-003/evidence/nested-oracle-before.log:139: trailing whitespace.
+    
experiments/tau-knowledge/skill-evolution/runs/readiness-skillsbench-native-controller-20261008-003/evidence/nested-oracle-before.log:142: trailing whitespace.
+    
experiments/tau-knowledge/skill-evolution/runs/readiness-skillsbench-native-controller-20261008-003/evidence/nested-oracle-before.log:149: trailing whitespace.
+    
experiments/tau-knowledge/skill-evolution/runs/readiness-skillsbench-native-controller-20261008-003/evidence/nested-oracle-before.log:164: trailing whitespace.
+    
experiments/tau-knowledge/skill-evolution/runs/readiness-skillsbench-native-controller-20261008-003/evidence/nested-oracle-before.log:168: trailing whitespace.
+experiments/tau-knowledge/skill-evolution/tests/skill_evolution/test_skillsbench_evolution.py:676: 
experiments/tau-knowledge/skill-evolution/runs/readiness-skillsbench-native-controller-20261008-003/evidence/nested-oracle-before.log:169: trailing whitespace.
+_ _ _ _ _ _ _ _ _ _ _ _ _ _ _ _ _ _ _ _ _ _ _ _ _ _ _ _ _ _ _ _ _ _ _ _ _ _ _ _ 
experiments/tau-knowledge/skill-evolution/runs/readiness-skillsbench-native-controller-20261008-003/evidence/nested-oracle-before.log:174: trailing whitespace.
+_ _ _ _ _ _ _ _ _ _ _ _ _ _ _ _ _ _ _ _ _ _ _ _ _ _ _ _ _ _ _ _ _ _ _ _ _ _ _ _ 
experiments/tau-knowledge/skill-evolution/src/tau_skill_evolution/author/coevo/meta_skills/skill-creator/scripts/improve_description.py:140: trailing whitespace.
+I'd encourage you to be creative and mix up the style in different iterations since you'll have multiple opportunities to try different approaches and we'll just grab the highest-scoring one at the end. 
experiments/tau-knowledge/skill-evolution/src/tau_skill_evolution/author/coevo/meta_skills/skill-creator/scripts/quick_validate.py:115: trailing whitespace.
+    
