..F....                                                                  [100%]
=================================== FAILURES ===================================
_ test_real_direct_generator_persists_task_state_and_fresh_execution_is_clean __

prepared = (<tau_skill_evolution.skillsbench_runtime.SkillsBenchRunner object at 0x7801f048f9e0>, <tau_skill_evolution.skillsbench.SkillsBenchAdapter object at 0x7801e49f38c0>, <test_skillsbench_integration.RecordedTransport object at 0x7801f0ec01d0>)
tmp_path = PosixPath('/tmp/pytest-of-tc442/pytest-877/test_real_direct_generator_per0')

    def test_real_direct_generator_persists_task_state_and_fresh_execution_is_clean(prepared, tmp_path):
        from tau_skill_evolution.journal import Journal
    
        formal, adapter, transport = prepared
        script = (
            "import json;from pathlib import Path\n"
            "Path('/root/direct-evolution-output.json').write_text(json.dumps({'version':0}))\n"
            "print(json.dumps({'written':True}))\n"
        )
        parent = SkillBundle(
            {"SKILL.md": "initial Skill; no creation execution", "scripts/main.py": script}
        )
        journal = Journal(tmp_path / "journal", identity={"test": "direct-generator-docker"})
        workspace = tmp_path / "learning"
        with adapter.evolution_session(
            parent, adapter.public_inputs, {}, journal=journal, workspace=workspace
        ) as session:
            session.begin_attempt(parent, True, operation_id="initial")
            written = terminal_json(session, "python3 /work/candidate/scripts/main.py")
            assert written == {"written": True}
            initial = session.submit(parent, initial=True, operation_id="initial/submit")
            assert initial.bundle.bundle_hash == parent.bundle_hash
            original_container = session.runner.container_name
            session.begin_attempt(parent, False, operation_id="revision-1")
            setup = (
                "import json,sysconfig;from pathlib import Path\n"
                "Path(sysconfig.get_path('purelib')).joinpath('tau_evolution_fixture.py').write_text('VALUE=73\\n')\n"
                "Path('/work/candidate/SKILL.md').write_text('revised Skill')\n"
                "p=Path('/work/candidate/scripts/main.py');p.write_text(p.read_text().replace(\"'version':0\",\"'version':1\"))\n"
                "print(json.dumps({'dependency_installed':True}))\n"
            )
            assert terminal_json(session, python_command(setup))["dependency_installed"]
            result = session.terminal(
                "cd /root; export TAU_EVOLUTION_STATE=retained; "
                "python3 -m http.server 8765 --bind 127.0.0.1 >/tmp/tau-evolution-service.log 2>&1 &"
            )
            assert not result.failure and result.exit_code == 0
            probe = (
                "import json,os,time,urllib.request,tau_evolution_fixture\n"
                "for _ in range(30):\n"
                " try: urllib.request.urlopen('http://127.0.0.1:8765',timeout=1); break\n"
                " except OSError: time.sleep(.1)\n"
                "else: raise AssertionError('background service unavailable')\n"
                "print(json.dumps({'state':os.environ['TAU_EVOLUTION_STATE'],'dependency':tau_evolution_fixture.VALUE,'cwd':os.getcwd()}))\n"
            )
>           assert terminal_json(session, python_command(probe)) == {
                   ^^^^^^^^^^^^^^^^^^^^^^^^^^^^^^^^^^^^^^^^^^^^^
                "state": "retained",
                "dependency": 73,
                "cwd": "/root",
            }

experiments/tau-knowledge/skill-evolution/tests/skill_evolution/test_skillsbench_integration.py:319: 
_ _ _ _ _ _ _ _ _ _ _ _ _ _ _ _ _ _ _ _ _ _ _ _ _ _ _ _ _ _ _ _ _ _ _ _ _ _ _ _ 

session = <tau_skill_evolution.skillsbench.SkillsBenchEvolutionSession object at 0x7801e4655b80>
command = 'python3 -c \'import json,os,time,urllib.request,tau_evolution_fixture\nfor _ in range(30):\n try: urllib.request.urlo...EVOLUTION_STATE\'"\'"\'],\'"\'"\'dependency\'"\'"\':tau_evolution_fixture.VALUE,\'"\'"\'cwd\'"\'"\':os.getcwd()}))\n\''

    def terminal_json(session, command):
        result = session.terminal(command)
>       assert result.failure is None and result.exit_code == 0, result.to_dict()
E       AssertionError: {'exit_code': 1, 'failure': None, 'output': '', 'stderr': 'bash: cannot set terminal process group (78): Inappropriate... "<string>", line 6, in <module>
E           File "<frozen os>", line 685, in __getitem__
E         KeyError: \'TAU_EVOLUTION_STATE\'
E         '}
E       assert (None is None and 1 == 0)
E        +  where None = ProgramResult(exit_code=1, output='', stderr='bash: cannot set terminal process group (78): Inappropriate ioctl for de...ine 6, in <module>\n  File "<frozen os>", line 685, in __getitem__\nKeyError: \'TAU_EVOLUTION_STATE\'\n', failure=None).failure
E        +  and   1 = ProgramResult(exit_code=1, output='', stderr='bash: cannot set terminal process group (78): Inappropriate ioctl for de...ine 6, in <module>\n  File "<frozen os>", line 685, in __getitem__\nKeyError: \'TAU_EVOLUTION_STATE\'\n', failure=None).exit_code

experiments/tau-knowledge/skill-evolution/tests/skill_evolution/test_skillsbench_integration.py:117: AssertionError
=========================== short test summary info ============================
FAILED experiments/tau-knowledge/skill-evolution/tests/skill_evolution/test_skillsbench_integration.py::test_real_direct_generator_persists_task_state_and_fresh_execution_is_clean
1 failed, 6 passed, 8 deselected in 136.04s (0:02:16)
