.EEEEEE                                                                  [100%]
==================================== ERRORS ====================================
_ ERROR at setup of test_real_task_credentials_use_scoped_values_and_do_not_inherit_provider_key _

tmp_path_factory = TempPathFactory(_given_basetemp=None, _trace=<pluggy._tracing.TagTracerSub object at 0x705fea282870>, _basetemp=PosixPath('/tmp/pytest-of-tc442/pytest-875'), _retention_count=3, _retention_policy='all')

    @pytest.fixture(scope="module")
    def prepared(tmp_path_factory):
        if os.environ.get("TAU_RUN_SKILLSBENCH_DOCKER_INTEGRATION") != "1":
            pytest.skip("prepared persistent SkillsBench Docker integration requires explicit opt-in")
        root = Path(os.environ.get("TAU_SKILLSBENCH_ROOT", str(EXPERIMENT_ROOT))).resolve()
        transport = RecordedTransport()
        selected_lock = os.environ.get("TAU_SKILLSBENCH_DOCKER_LOCK")
        runner = SkillsBenchRunner(
            root,
            TASK,
            demo=False,
            transport=transport,
            runtime_lock_path=Path(selected_lock) if selected_lock else None,
        )
        checks = runner.preflight()
>       assert checks["ready"], (
            "explicit Docker integration requires the current prepared episode runtime"
        )
E       AssertionError: explicit Docker integration requires the current prepared episode runtime
E       assert False

experiments/tau-knowledge/skill-evolution/tests/skill_evolution/test_skillsbench_integration.py:93: AssertionError
_ ERROR at setup of test_real_direct_generator_persists_task_state_and_fresh_execution_is_clean _

tmp_path_factory = TempPathFactory(_given_basetemp=None, _trace=<pluggy._tracing.TagTracerSub object at 0x705fea282870>, _basetemp=PosixPath('/tmp/pytest-of-tc442/pytest-875'), _retention_count=3, _retention_policy='all')

    @pytest.fixture(scope="module")
    def prepared(tmp_path_factory):
        if os.environ.get("TAU_RUN_SKILLSBENCH_DOCKER_INTEGRATION") != "1":
            pytest.skip("prepared persistent SkillsBench Docker integration requires explicit opt-in")
        root = Path(os.environ.get("TAU_SKILLSBENCH_ROOT", str(EXPERIMENT_ROOT))).resolve()
        transport = RecordedTransport()
        selected_lock = os.environ.get("TAU_SKILLSBENCH_DOCKER_LOCK")
        runner = SkillsBenchRunner(
            root,
            TASK,
            demo=False,
            transport=transport,
            runtime_lock_path=Path(selected_lock) if selected_lock else None,
        )
        checks = runner.preflight()
>       assert checks["ready"], (
            "explicit Docker integration requires the current prepared episode runtime"
        )
E       AssertionError: explicit Docker integration requires the current prepared episode runtime
E       assert False

experiments/tau-knowledge/skill-evolution/tests/skill_evolution/test_skillsbench_integration.py:93: AssertionError
_ ERROR at setup of test_real_direct_generator_reconnects_surviving_container __

tmp_path_factory = TempPathFactory(_given_basetemp=None, _trace=<pluggy._tracing.TagTracerSub object at 0x705fea282870>, _basetemp=PosixPath('/tmp/pytest-of-tc442/pytest-875'), _retention_count=3, _retention_policy='all')

    @pytest.fixture(scope="module")
    def prepared(tmp_path_factory):
        if os.environ.get("TAU_RUN_SKILLSBENCH_DOCKER_INTEGRATION") != "1":
            pytest.skip("prepared persistent SkillsBench Docker integration requires explicit opt-in")
        root = Path(os.environ.get("TAU_SKILLSBENCH_ROOT", str(EXPERIMENT_ROOT))).resolve()
        transport = RecordedTransport()
        selected_lock = os.environ.get("TAU_SKILLSBENCH_DOCKER_LOCK")
        runner = SkillsBenchRunner(
            root,
            TASK,
            demo=False,
            transport=transport,
            runtime_lock_path=Path(selected_lock) if selected_lock else None,
        )
        checks = runner.preflight()
>       assert checks["ready"], (
            "explicit Docker integration requires the current prepared episode runtime"
        )
E       AssertionError: explicit Docker integration requires the current prepared episode runtime
E       assert False

experiments/tau-knowledge/skill-evolution/tests/skill_evolution/test_skillsbench_integration.py:93: AssertionError
_ ERROR at setup of test_real_direct_generator_loop_with_local_responses_provider _

tmp_path_factory = TempPathFactory(_given_basetemp=None, _trace=<pluggy._tracing.TagTracerSub object at 0x705fea282870>, _basetemp=PosixPath('/tmp/pytest-of-tc442/pytest-875'), _retention_count=3, _retention_policy='all')

    @pytest.fixture(scope="module")
    def prepared(tmp_path_factory):
        if os.environ.get("TAU_RUN_SKILLSBENCH_DOCKER_INTEGRATION") != "1":
            pytest.skip("prepared persistent SkillsBench Docker integration requires explicit opt-in")
        root = Path(os.environ.get("TAU_SKILLSBENCH_ROOT", str(EXPERIMENT_ROOT))).resolve()
        transport = RecordedTransport()
        selected_lock = os.environ.get("TAU_SKILLSBENCH_DOCKER_LOCK")
        runner = SkillsBenchRunner(
            root,
            TASK,
            demo=False,
            transport=transport,
            runtime_lock_path=Path(selected_lock) if selected_lock else None,
        )
        checks = runner.preflight()
>       assert checks["ready"], (
            "explicit Docker integration requires the current prepared episode runtime"
        )
E       AssertionError: explicit Docker integration requires the current prepared episode runtime
E       assert False

experiments/tau-knowledge/skill-evolution/tests/skill_evolution/test_skillsbench_integration.py:93: AssertionError
_ ERROR at setup of test_real_fresh_shell_persistent_background_service_and_fresh_episode _

tmp_path_factory = TempPathFactory(_given_basetemp=None, _trace=<pluggy._tracing.TagTracerSub object at 0x705fea282870>, _basetemp=PosixPath('/tmp/pytest-of-tc442/pytest-875'), _retention_count=3, _retention_policy='all')

    @pytest.fixture(scope="module")
    def prepared(tmp_path_factory):
        if os.environ.get("TAU_RUN_SKILLSBENCH_DOCKER_INTEGRATION") != "1":
            pytest.skip("prepared persistent SkillsBench Docker integration requires explicit opt-in")
        root = Path(os.environ.get("TAU_SKILLSBENCH_ROOT", str(EXPERIMENT_ROOT))).resolve()
        transport = RecordedTransport()
        selected_lock = os.environ.get("TAU_SKILLSBENCH_DOCKER_LOCK")
        runner = SkillsBenchRunner(
            root,
            TASK,
            demo=False,
            transport=transport,
            runtime_lock_path=Path(selected_lock) if selected_lock else None,
        )
        checks = runner.preflight()
>       assert checks["ready"], (
            "explicit Docker integration requires the current prepared episode runtime"
        )
E       AssertionError: explicit Docker integration requires the current prepared episode runtime
E       assert False

experiments/tau-knowledge/skill-evolution/tests/skill_evolution/test_skillsbench_integration.py:93: AssertionError
_ ERROR at setup of test_real_official_grade_uses_closed_same_episode_and_process_environment _

tmp_path_factory = TempPathFactory(_given_basetemp=None, _trace=<pluggy._tracing.TagTracerSub object at 0x705fea282870>, _basetemp=PosixPath('/tmp/pytest-of-tc442/pytest-875'), _retention_count=3, _retention_policy='all')

    @pytest.fixture(scope="module")
    def prepared(tmp_path_factory):
        if os.environ.get("TAU_RUN_SKILLSBENCH_DOCKER_INTEGRATION") != "1":
            pytest.skip("prepared persistent SkillsBench Docker integration requires explicit opt-in")
        root = Path(os.environ.get("TAU_SKILLSBENCH_ROOT", str(EXPERIMENT_ROOT))).resolve()
        transport = RecordedTransport()
        selected_lock = os.environ.get("TAU_SKILLSBENCH_DOCKER_LOCK")
        runner = SkillsBenchRunner(
            root,
            TASK,
            demo=False,
            transport=transport,
            runtime_lock_path=Path(selected_lock) if selected_lock else None,
        )
        checks = runner.preflight()
>       assert checks["ready"], (
            "explicit Docker integration requires the current prepared episode runtime"
        )
E       AssertionError: explicit Docker integration requires the current prepared episode runtime
E       assert False

experiments/tau-knowledge/skill-evolution/tests/skill_evolution/test_skillsbench_integration.py:93: AssertionError
=========================== short test summary info ============================
ERROR experiments/tau-knowledge/skill-evolution/tests/skill_evolution/test_skillsbench_integration.py::test_real_task_credentials_use_scoped_values_and_do_not_inherit_provider_key
ERROR experiments/tau-knowledge/skill-evolution/tests/skill_evolution/test_skillsbench_integration.py::test_real_direct_generator_persists_task_state_and_fresh_execution_is_clean
ERROR experiments/tau-knowledge/skill-evolution/tests/skill_evolution/test_skillsbench_integration.py::test_real_direct_generator_reconnects_surviving_container
ERROR experiments/tau-knowledge/skill-evolution/tests/skill_evolution/test_skillsbench_integration.py::test_real_direct_generator_loop_with_local_responses_provider
ERROR experiments/tau-knowledge/skill-evolution/tests/skill_evolution/test_skillsbench_integration.py::test_real_fresh_shell_persistent_background_service_and_fresh_episode
ERROR experiments/tau-knowledge/skill-evolution/tests/skill_evolution/test_skillsbench_integration.py::test_real_official_grade_uses_closed_same_episode_and_process_environment
1 passed, 8 deselected, 6 errors in 26.93s
