F                                                                        [100%]
=================================== FAILURES ===================================
_ test_real_direct_generator_persists_task_state_and_fresh_execution_is_clean __

prepared = (<tau_skill_evolution.skillsbench_runtime.SkillsBenchRunner object at 0x7e7dcfa9cce0>, <tau_skill_evolution.skillsbench.SkillsBenchAdapter object at 0x7e7dcfc307d0>, <test_skillsbench_integration.RecordedTransport object at 0x7e7dcfa9e7b0>)
tmp_path = PosixPath('/tmp/pytest-of-tc442/pytest-880/test_real_direct_generator_per0')

    def test_real_direct_generator_persists_task_state_and_fresh_execution_is_clean(prepared, tmp_path):
        from tau_skill_evolution.journal import Journal
    
        formal, adapter, transport = prepared
        script = (
            "import json;from pathlib import Path\n"
            "Path('/root/direct-evolution-output.json').write_text(json.dumps({'version':0}))\n"
            "print(json.dumps({'written':True}))\n"
        )
        parent = SkillBundle(
            {"SKILL.md": "initial Skill; no creation execution", "scripts/main.py": script}
        )
        journal = Journal(tmp_path / "journal", identity={"test": "direct-generator-docker"})
        workspace = tmp_path / "learning"
        with adapter.evolution_session(
            parent, adapter.public_inputs, {}, journal=journal, workspace=workspace
        ) as session:
            session.begin_attempt(parent, True, operation_id="initial")
            written = terminal_json(session, "python3 /work/candidate/scripts/main.py")
            assert written == {"written": True}
            initial = session.submit(parent, initial=True, operation_id="initial/submit")
            assert initial.bundle.bundle_hash == parent.bundle_hash
            original_container = session.runner.container_name
            session.begin_attempt(parent, False, operation_id="revision-1")
            setup = (
                "import json,sysconfig;from pathlib import Path\n"
                "Path(sysconfig.get_path('purelib')).joinpath('tau_evolution_fixture.py').write_text('VALUE=73\\n')\n"
                "Path('/work/candidate/SKILL.md').write_text('revised Skill')\n"
                "p=Path('/work/candidate/scripts/main.py');p.write_text(p.read_text().replace(\"'version':0\",\"'version':1\"))\n"
                "print(json.dumps({'dependency_installed':True}))\n"
            )
            assert terminal_json(session, python_command(setup))["dependency_installed"]
            result = session.terminal(
                "cd /root; export TAU_EVOLUTION_STATE=retained; "
                "python3 -m http.server 8765 --bind 127.0.0.1 >/tmp/tau-evolution-service.log 2>&1 &"
            )
            assert not result.failure and result.exit_code == 0
            probe = (
                "import json,os,time,urllib.request,tau_evolution_fixture\n"
                "for _ in range(30):\n"
                " try: urllib.request.urlopen('http://127.0.0.1:8765',timeout=1); break\n"
                " except OSError: time.sleep(.1)\n"
                "else: raise AssertionError('background service unavailable')\n"
                "print(json.dumps({'state':os.environ.get('TAU_EVOLUTION_STATE'),'dependency':tau_evolution_fixture.VALUE,'cwd':os.getcwd()}))\n"
            )
            assert terminal_json(session, python_command(probe)) == {
                "state": None,
                "dependency": 73,
                "cwd": "/root",
            }
            assert not session.terminal("python3 /work/candidate/scripts/main.py").failure
            revised = session.submit(parent, operation_id="revision-1/submit")
            assert revised.bundle.bundle_hash != parent.bundle_hash
            assert revised.bundle.parent_hash == parent.bundle_hash
            assert revised.execution_id == initial.execution_id
            assert json.loads(
                Path(revised.public_trace["public_artifacts_dir"])
                .joinpath("root/direct-evolution-output.json")
                .read_text()
            ) == {"version": 1}
            assert not any(
                "candidate" in p["path"] or "skills/" in p["path"]
                for p in revised.public_trace["public_artifacts"]
            )
            with formal.episode(revised.bundle) as episode:
                clean = (
                    "import importlib.util,json,os;from pathlib import Path\n"
                    "print(json.dumps({'output':Path('/root/direct-evolution-output.json').exists(),"
                    "'dependency':importlib.util.find_spec('tau_evolution_fixture') is not None,"
                    "'state':os.environ.get('TAU_EVOLUTION_STATE')}))\n"
                )
                assert episode_json(formal, episode, python_command(clean)) == {
                    "output": False,
                    "dependency": False,
                    "state": None,
                }
            assert session.runner.container_name == original_container
            session.begin_attempt(revised.bundle, False, operation_id="revision-2")
            session.runner.timeout = 0.2
            timeout = session.terminal("sleep 5")
>           assert timeout.failure == "timeout"
E           AssertionError: assert None == 'timeout'
E            +  where None = ProgramResult(exit_code=0, output='', stderr='bash: cannot set terminal process group (118): Inappropriate ioctl for device\nbash: no job control in this shell\n', failure=None).failure

experiments/tau-knowledge/skill-evolution/tests/skill_evolution/test_skillsbench_integration.py:354: AssertionError
=========================== short test summary info ============================
FAILED experiments/tau-knowledge/skill-evolution/tests/skill_evolution/test_skillsbench_integration.py::test_real_direct_generator_persists_task_state_and_fresh_execution_is_clean
1 failed, 13 deselected in 48.54s
