EEEEEEEEEEEEEE.EEEEsssssEEEE                                             [100%]
==================================== ERRORS ====================================
_ ERROR at setup of test_real_dependencies_helpers_references_and_episode_workspace _

    @pytest.fixture(scope="module")
    def runner():
        path = Path(
            os.environ.get(
                "TAU_IMAGE_LOCK", "experiments/tau-knowledge/skill-evolution/runtime/image-lock.json"
            )
        )
        runner = DockerRunner(ImageLock.from_file(path))
        readiness = runner.preflight()
        _record("preflight", readiness)
>       assert readiness["ready"], "explicit integration requires prepared pinned Docker runtime"
E       AssertionError: explicit integration requires prepared pinned Docker runtime
E       assert False

experiments/tau-knowledge/skill-evolution/tests/skill_evolution/test_container_integration.py:30: AssertionError
___ ERROR at setup of test_real_network_host_files_and_root_are_inaccessible ___

    @pytest.fixture(scope="module")
    def runner():
        path = Path(
            os.environ.get(
                "TAU_IMAGE_LOCK", "experiments/tau-knowledge/skill-evolution/runtime/image-lock.json"
            )
        )
        runner = DockerRunner(ImageLock.from_file(path))
        readiness = runner.preflight()
        _record("preflight", readiness)
>       assert readiness["ready"], "explicit integration requires prepared pinned Docker runtime"
E       AssertionError: explicit integration requires prepared pinned Docker runtime
E       assert False

experiments/tau-knowledge/skill-evolution/tests/skill_evolution/test_container_integration.py:30: AssertionError
____ ERROR at setup of test_real_cgroup_resource_limits_and_bundle_readonly ____

    @pytest.fixture(scope="module")
    def runner():
        path = Path(
            os.environ.get(
                "TAU_IMAGE_LOCK", "experiments/tau-knowledge/skill-evolution/runtime/image-lock.json"
            )
        )
        runner = DockerRunner(ImageLock.from_file(path))
        readiness = runner.preflight()
        _record("preflight", readiness)
>       assert readiness["ready"], "explicit integration requires prepared pinned Docker runtime"
E       AssertionError: explicit integration requires prepared pinned Docker runtime
E       assert False

experiments/tau-knowledge/skill-evolution/tests/skill_evolution/test_container_integration.py:30: AssertionError
___________ ERROR at setup of test_real_verifier_reports_assertions ____________

    @pytest.fixture(scope="module")
    def runner():
        path = Path(
            os.environ.get(
                "TAU_IMAGE_LOCK", "experiments/tau-knowledge/skill-evolution/runtime/image-lock.json"
            )
        )
        runner = DockerRunner(ImageLock.from_file(path))
        readiness = runner.preflight()
        _record("preflight", readiness)
>       assert readiness["ready"], "explicit integration requires prepared pinned Docker runtime"
E       AssertionError: explicit integration requires prepared pinned Docker runtime
E       assert False

experiments/tau-knowledge/skill-evolution/tests/skill_evolution/test_container_integration.py:30: AssertionError
_ ERROR at setup of test_real_verifier_report_survives_known_serializer_monkeypatch _

    @pytest.fixture(scope="module")
    def runner():
        path = Path(
            os.environ.get(
                "TAU_IMAGE_LOCK", "experiments/tau-knowledge/skill-evolution/runtime/image-lock.json"
            )
        )
        runner = DockerRunner(ImageLock.from_file(path))
        readiness = runner.preflight()
        _record("preflight", readiness)
>       assert readiness["ready"], "explicit integration requires prepared pinned Docker runtime"
E       AssertionError: explicit integration requires prepared pinned Docker runtime
E       assert False

experiments/tau-knowledge/skill-evolution/tests/skill_evolution/test_container_integration.py:30: AssertionError
_ ERROR at setup of test_real_verifier_rejects_runtime_skips_and_xfails[skip] __

    @pytest.fixture(scope="module")
    def runner():
        path = Path(
            os.environ.get(
                "TAU_IMAGE_LOCK", "experiments/tau-knowledge/skill-evolution/runtime/image-lock.json"
            )
        )
        runner = DockerRunner(ImageLock.from_file(path))
        readiness = runner.preflight()
        _record("preflight", readiness)
>       assert readiness["ready"], "explicit integration requires prepared pinned Docker runtime"
E       AssertionError: explicit integration requires prepared pinned Docker runtime
E       assert False

experiments/tau-knowledge/skill-evolution/tests/skill_evolution/test_container_integration.py:30: AssertionError
_ ERROR at setup of test_real_verifier_rejects_runtime_skips_and_xfails[xfail] _

    @pytest.fixture(scope="module")
    def runner():
        path = Path(
            os.environ.get(
                "TAU_IMAGE_LOCK", "experiments/tau-knowledge/skill-evolution/runtime/image-lock.json"
            )
        )
        runner = DockerRunner(ImageLock.from_file(path))
        readiness = runner.preflight()
        _record("preflight", readiness)
>       assert readiness["ready"], "explicit integration requires prepared pinned Docker runtime"
E       AssertionError: explicit integration requires prepared pinned Docker runtime
E       assert False

experiments/tau-knowledge/skill-evolution/tests/skill_evolution/test_container_integration.py:30: AssertionError
_ ERROR at setup of test_real_revision_edits_parent_without_public_or_private_access _

    @pytest.fixture(scope="module")
    def runner():
        path = Path(
            os.environ.get(
                "TAU_IMAGE_LOCK", "experiments/tau-knowledge/skill-evolution/runtime/image-lock.json"
            )
        )
        runner = DockerRunner(ImageLock.from_file(path))
        readiness = runner.preflight()
        _record("preflight", readiness)
>       assert readiness["ready"], "explicit integration requires prepared pinned Docker runtime"
E       AssertionError: explicit integration requires prepared pinned Docker runtime
E       assert False

experiments/tau-knowledge/skill-evolution/tests/skill_evolution/test_container_integration.py:30: AssertionError
_ ERROR at setup of test_real_verifier_inspects_public_files_and_locks_diagnosis_suite _

    @pytest.fixture(scope="module")
    def runner():
        path = Path(
            os.environ.get(
                "TAU_IMAGE_LOCK", "experiments/tau-knowledge/skill-evolution/runtime/image-lock.json"
            )
        )
        runner = DockerRunner(ImageLock.from_file(path))
        readiness = runner.preflight()
        _record("preflight", readiness)
>       assert readiness["ready"], "explicit integration requires prepared pinned Docker runtime"
E       AssertionError: explicit integration requires prepared pinned Docker runtime
E       assert False

experiments/tau-knowledge/skill-evolution/tests/skill_evolution/test_container_integration.py:30: AssertionError
_ ERROR at setup of test_real_formal_and_interactive_verifier_share_writable_scratch _

    @pytest.fixture(scope="module")
    def runner():
        path = Path(
            os.environ.get(
                "TAU_IMAGE_LOCK", "experiments/tau-knowledge/skill-evolution/runtime/image-lock.json"
            )
        )
        runner = DockerRunner(ImageLock.from_file(path))
        readiness = runner.preflight()
        _record("preflight", readiness)
>       assert readiness["ready"], "explicit integration requires prepared pinned Docker runtime"
E       AssertionError: explicit integration requires prepared pinned Docker runtime
E       assert False

experiments/tau-knowledge/skill-evolution/tests/skill_evolution/test_container_integration.py:30: AssertionError
_ ERROR at setup of test_real_script_failures_are_bounded_and_containers_cleaned[print('not JSON')-invalid_json] _

    @pytest.fixture(scope="module")
    def runner():
        path = Path(
            os.environ.get(
                "TAU_IMAGE_LOCK", "experiments/tau-knowledge/skill-evolution/runtime/image-lock.json"
            )
        )
        runner = DockerRunner(ImageLock.from_file(path))
        readiness = runner.preflight()
        _record("preflight", readiness)
>       assert readiness["ready"], "explicit integration requires prepared pinned Docker runtime"
E       AssertionError: explicit integration requires prepared pinned Docker runtime
E       assert False

experiments/tau-knowledge/skill-evolution/tests/skill_evolution/test_container_integration.py:30: AssertionError
_ ERROR at setup of test_real_script_failures_are_bounded_and_containers_cleaned[import unavailable_tau_fixture_dependency-nonzero_exit] _

    @pytest.fixture(scope="module")
    def runner():
        path = Path(
            os.environ.get(
                "TAU_IMAGE_LOCK", "experiments/tau-knowledge/skill-evolution/runtime/image-lock.json"
            )
        )
        runner = DockerRunner(ImageLock.from_file(path))
        readiness = runner.preflight()
        _record("preflight", readiness)
>       assert readiness["ready"], "explicit integration requires prepared pinned Docker runtime"
E       AssertionError: explicit integration requires prepared pinned Docker runtime
E       assert False

experiments/tau-knowledge/skill-evolution/tests/skill_evolution/test_container_integration.py:30: AssertionError
_ ERROR at setup of test_real_script_failures_are_bounded_and_containers_cleaned[import time; time.sleep(30)-timeout] _

    @pytest.fixture(scope="module")
    def runner():
        path = Path(
            os.environ.get(
                "TAU_IMAGE_LOCK", "experiments/tau-knowledge/skill-evolution/runtime/image-lock.json"
            )
        )
        runner = DockerRunner(ImageLock.from_file(path))
        readiness = runner.preflight()
        _record("preflight", readiness)
>       assert readiness["ready"], "explicit integration requires prepared pinned Docker runtime"
E       AssertionError: explicit integration requires prepared pinned Docker runtime
E       assert False

experiments/tau-knowledge/skill-evolution/tests/skill_evolution/test_container_integration.py:30: AssertionError
_ ERROR at setup of test_real_script_failures_are_bounded_and_containers_cleaned[import sys; sys.stderr.write('x'*8192)-output_limit] _

    @pytest.fixture(scope="module")
    def runner():
        path = Path(
            os.environ.get(
                "TAU_IMAGE_LOCK", "experiments/tau-knowledge/skill-evolution/runtime/image-lock.json"
            )
        )
        runner = DockerRunner(ImageLock.from_file(path))
        readiness = runner.preflight()
        _record("preflight", readiness)
>       assert readiness["ready"], "explicit integration requires prepared pinned Docker runtime"
E       AssertionError: explicit integration requires prepared pinned Docker runtime
E       assert False

experiments/tau-knowledge/skill-evolution/tests/skill_evolution/test_container_integration.py:30: AssertionError
_ ERROR at setup of test_real_task_credentials_use_scoped_values_and_do_not_inherit_provider_key _

tmp_path_factory = TempPathFactory(_given_basetemp=None, _trace=<pluggy._tracing.TagTracerSub object at 0x7d428c130860>, _basetemp=PosixP.../home/tc442/.cache/skillsbench-preparation-tmp/pytest-of-tc442/pytest-2'), _retention_count=3, _retention_policy='all')

    @pytest.fixture(scope="module")
    def prepared(tmp_path_factory):
        if os.environ.get("TAU_RUN_SKILLSBENCH_DOCKER_INTEGRATION") != "1":
            pytest.skip("prepared persistent SkillsBench Docker integration requires explicit opt-in")
        root = Path(os.environ.get("TAU_SKILLSBENCH_ROOT", str(EXPERIMENT_ROOT))).resolve()
        transport = RecordedTransport()
        selected_lock = os.environ.get("TAU_SKILLSBENCH_DOCKER_LOCK")
        runner = SkillsBenchRunner(
            root,
            TASK,
            demo=False,
            transport=transport,
            runtime_lock_path=Path(selected_lock) if selected_lock else None,
        )
        checks = runner.preflight()
>       assert checks["ready"], (
            "explicit Docker integration requires the current prepared episode runtime"
        )
E       AssertionError: explicit Docker integration requires the current prepared episode runtime
E       assert False

experiments/tau-knowledge/skill-evolution/tests/skill_evolution/test_skillsbench_integration.py:93: AssertionError
_ ERROR at setup of test_real_direct_generator_persists_task_state_and_fresh_execution_is_clean _

tmp_path_factory = TempPathFactory(_given_basetemp=None, _trace=<pluggy._tracing.TagTracerSub object at 0x7d428c130860>, _basetemp=PosixP.../home/tc442/.cache/skillsbench-preparation-tmp/pytest-of-tc442/pytest-2'), _retention_count=3, _retention_policy='all')

    @pytest.fixture(scope="module")
    def prepared(tmp_path_factory):
        if os.environ.get("TAU_RUN_SKILLSBENCH_DOCKER_INTEGRATION") != "1":
            pytest.skip("prepared persistent SkillsBench Docker integration requires explicit opt-in")
        root = Path(os.environ.get("TAU_SKILLSBENCH_ROOT", str(EXPERIMENT_ROOT))).resolve()
        transport = RecordedTransport()
        selected_lock = os.environ.get("TAU_SKILLSBENCH_DOCKER_LOCK")
        runner = SkillsBenchRunner(
            root,
            TASK,
            demo=False,
            transport=transport,
            runtime_lock_path=Path(selected_lock) if selected_lock else None,
        )
        checks = runner.preflight()
>       assert checks["ready"], (
            "explicit Docker integration requires the current prepared episode runtime"
        )
E       AssertionError: explicit Docker integration requires the current prepared episode runtime
E       assert False

experiments/tau-knowledge/skill-evolution/tests/skill_evolution/test_skillsbench_integration.py:93: AssertionError
_ ERROR at setup of test_real_direct_generator_reconnects_surviving_container __

tmp_path_factory = TempPathFactory(_given_basetemp=None, _trace=<pluggy._tracing.TagTracerSub object at 0x7d428c130860>, _basetemp=PosixP.../home/tc442/.cache/skillsbench-preparation-tmp/pytest-of-tc442/pytest-2'), _retention_count=3, _retention_policy='all')

    @pytest.fixture(scope="module")
    def prepared(tmp_path_factory):
        if os.environ.get("TAU_RUN_SKILLSBENCH_DOCKER_INTEGRATION") != "1":
            pytest.skip("prepared persistent SkillsBench Docker integration requires explicit opt-in")
        root = Path(os.environ.get("TAU_SKILLSBENCH_ROOT", str(EXPERIMENT_ROOT))).resolve()
        transport = RecordedTransport()
        selected_lock = os.environ.get("TAU_SKILLSBENCH_DOCKER_LOCK")
        runner = SkillsBenchRunner(
            root,
            TASK,
            demo=False,
            transport=transport,
            runtime_lock_path=Path(selected_lock) if selected_lock else None,
        )
        checks = runner.preflight()
>       assert checks["ready"], (
            "explicit Docker integration requires the current prepared episode runtime"
        )
E       AssertionError: explicit Docker integration requires the current prepared episode runtime
E       assert False

experiments/tau-knowledge/skill-evolution/tests/skill_evolution/test_skillsbench_integration.py:93: AssertionError
_ ERROR at setup of test_real_direct_generator_loop_with_local_responses_provider _

tmp_path_factory = TempPathFactory(_given_basetemp=None, _trace=<pluggy._tracing.TagTracerSub object at 0x7d428c130860>, _basetemp=PosixP.../home/tc442/.cache/skillsbench-preparation-tmp/pytest-of-tc442/pytest-2'), _retention_count=3, _retention_policy='all')

    @pytest.fixture(scope="module")
    def prepared(tmp_path_factory):
        if os.environ.get("TAU_RUN_SKILLSBENCH_DOCKER_INTEGRATION") != "1":
            pytest.skip("prepared persistent SkillsBench Docker integration requires explicit opt-in")
        root = Path(os.environ.get("TAU_SKILLSBENCH_ROOT", str(EXPERIMENT_ROOT))).resolve()
        transport = RecordedTransport()
        selected_lock = os.environ.get("TAU_SKILLSBENCH_DOCKER_LOCK")
        runner = SkillsBenchRunner(
            root,
            TASK,
            demo=False,
            transport=transport,
            runtime_lock_path=Path(selected_lock) if selected_lock else None,
        )
        checks = runner.preflight()
>       assert checks["ready"], (
            "explicit Docker integration requires the current prepared episode runtime"
        )
E       AssertionError: explicit Docker integration requires the current prepared episode runtime
E       assert False

experiments/tau-knowledge/skill-evolution/tests/skill_evolution/test_skillsbench_integration.py:93: AssertionError
_ ERROR at setup of test_real_persistent_shell_background_service_and_fresh_episode _

tmp_path_factory = TempPathFactory(_given_basetemp=None, _trace=<pluggy._tracing.TagTracerSub object at 0x7d428c130860>, _basetemp=PosixP.../home/tc442/.cache/skillsbench-preparation-tmp/pytest-of-tc442/pytest-2'), _retention_count=3, _retention_policy='all')

    @pytest.fixture(scope="module")
    def prepared(tmp_path_factory):
        if os.environ.get("TAU_RUN_SKILLSBENCH_DOCKER_INTEGRATION") != "1":
            pytest.skip("prepared persistent SkillsBench Docker integration requires explicit opt-in")
        root = Path(os.environ.get("TAU_SKILLSBENCH_ROOT", str(EXPERIMENT_ROOT))).resolve()
        transport = RecordedTransport()
        selected_lock = os.environ.get("TAU_SKILLSBENCH_DOCKER_LOCK")
        runner = SkillsBenchRunner(
            root,
            TASK,
            demo=False,
            transport=transport,
            runtime_lock_path=Path(selected_lock) if selected_lock else None,
        )
        checks = runner.preflight()
>       assert checks["ready"], (
            "explicit Docker integration requires the current prepared episode runtime"
        )
E       AssertionError: explicit Docker integration requires the current prepared episode runtime
E       assert False

experiments/tau-knowledge/skill-evolution/tests/skill_evolution/test_skillsbench_integration.py:93: AssertionError
_ ERROR at setup of test_real_public_verifier_reads_complete_artifacts_and_locks_diagnosis_tests _

tmp_path_factory = TempPathFactory(_given_basetemp=None, _trace=<pluggy._tracing.TagTracerSub object at 0x7d428c130860>, _basetemp=PosixP.../home/tc442/.cache/skillsbench-preparation-tmp/pytest-of-tc442/pytest-2'), _retention_count=3, _retention_policy='all')

    @pytest.fixture(scope="module")
    def prepared(tmp_path_factory):
        if os.environ.get("TAU_RUN_SKILLSBENCH_DOCKER_INTEGRATION") != "1":
            pytest.skip("prepared persistent SkillsBench Docker integration requires explicit opt-in")
        root = Path(os.environ.get("TAU_SKILLSBENCH_ROOT", str(EXPERIMENT_ROOT))).resolve()
        transport = RecordedTransport()
        selected_lock = os.environ.get("TAU_SKILLSBENCH_DOCKER_LOCK")
        runner = SkillsBenchRunner(
            root,
            TASK,
            demo=False,
            transport=transport,
            runtime_lock_path=Path(selected_lock) if selected_lock else None,
        )
        checks = runner.preflight()
>       assert checks["ready"], (
            "explicit Docker integration requires the current prepared episode runtime"
        )
E       AssertionError: explicit Docker integration requires the current prepared episode runtime
E       assert False

experiments/tau-knowledge/skill-evolution/tests/skill_evolution/test_skillsbench_integration.py:93: AssertionError
_ ERROR at setup of test_real_public_verifier_rejects_existing_outputs_with_broken_export_entry _

tmp_path_factory = TempPathFactory(_given_basetemp=None, _trace=<pluggy._tracing.TagTracerSub object at 0x7d428c130860>, _basetemp=PosixP.../home/tc442/.cache/skillsbench-preparation-tmp/pytest-of-tc442/pytest-2'), _retention_count=3, _retention_policy='all')

    @pytest.fixture(scope="module")
    def prepared(tmp_path_factory):
        if os.environ.get("TAU_RUN_SKILLSBENCH_DOCKER_INTEGRATION") != "1":
            pytest.skip("prepared persistent SkillsBench Docker integration requires explicit opt-in")
        root = Path(os.environ.get("TAU_SKILLSBENCH_ROOT", str(EXPERIMENT_ROOT))).resolve()
        transport = RecordedTransport()
        selected_lock = os.environ.get("TAU_SKILLSBENCH_DOCKER_LOCK")
        runner = SkillsBenchRunner(
            root,
            TASK,
            demo=False,
            transport=transport,
            runtime_lock_path=Path(selected_lock) if selected_lock else None,
        )
        checks = runner.preflight()
>       assert checks["ready"], (
            "explicit Docker integration requires the current prepared episode runtime"
        )
E       AssertionError: explicit Docker integration requires the current prepared episode runtime
E       assert False

experiments/tau-knowledge/skill-evolution/tests/skill_evolution/test_skillsbench_integration.py:93: AssertionError
_ ERROR at setup of test_real_official_grade_uses_closed_same_episode_and_process_environment _

tmp_path_factory = TempPathFactory(_given_basetemp=None, _trace=<pluggy._tracing.TagTracerSub object at 0x7d428c130860>, _basetemp=PosixP.../home/tc442/.cache/skillsbench-preparation-tmp/pytest-of-tc442/pytest-2'), _retention_count=3, _retention_policy='all')

    @pytest.fixture(scope="module")
    def prepared(tmp_path_factory):
        if os.environ.get("TAU_RUN_SKILLSBENCH_DOCKER_INTEGRATION") != "1":
            pytest.skip("prepared persistent SkillsBench Docker integration requires explicit opt-in")
        root = Path(os.environ.get("TAU_SKILLSBENCH_ROOT", str(EXPERIMENT_ROOT))).resolve()
        transport = RecordedTransport()
        selected_lock = os.environ.get("TAU_SKILLSBENCH_DOCKER_LOCK")
        runner = SkillsBenchRunner(
            root,
            TASK,
            demo=False,
            transport=transport,
            runtime_lock_path=Path(selected_lock) if selected_lock else None,
        )
        checks = runner.preflight()
>       assert checks["ready"], (
            "explicit Docker integration requires the current prepared episode runtime"
        )
E       AssertionError: explicit Docker integration requires the current prepared episode runtime
E       assert False

experiments/tau-knowledge/skill-evolution/tests/skill_evolution/test_skillsbench_integration.py:93: AssertionError
=========================== short test summary info ============================
SKIPPED [1] experiments/tau-knowledge/skill-evolution/tests/skill_evolution/test_skillsbench_integration.py:558: prepared SkillsBench workspace integration requires explicit opt-in
SKIPPED [3] experiments/tau-knowledge/skill-evolution/tests/skill_evolution/test_skillsbench_integration.py:681: prepared SkillsBench workspace integration requires explicit opt-in
SKIPPED [1] experiments/tau-knowledge/skill-evolution/tests/skill_evolution/test_skillsbench_integration.py:782: prepared SkillsBench workspace integration requires explicit opt-in
ERROR experiments/tau-knowledge/skill-evolution/tests/skill_evolution/test_container_integration.py::test_real_dependencies_helpers_references_and_episode_workspace
ERROR experiments/tau-knowledge/skill-evolution/tests/skill_evolution/test_container_integration.py::test_real_network_host_files_and_root_are_inaccessible
ERROR experiments/tau-knowledge/skill-evolution/tests/skill_evolution/test_container_integration.py::test_real_cgroup_resource_limits_and_bundle_readonly
ERROR experiments/tau-knowledge/skill-evolution/tests/skill_evolution/test_container_integration.py::test_real_verifier_reports_assertions
ERROR experiments/tau-knowledge/skill-evolution/tests/skill_evolution/test_container_integration.py::test_real_verifier_report_survives_known_serializer_monkeypatch
ERROR experiments/tau-knowledge/skill-evolution/tests/skill_evolution/test_container_integration.py::test_real_verifier_rejects_runtime_skips_and_xfails[skip]
ERROR experiments/tau-knowledge/skill-evolution/tests/skill_evolution/test_container_integration.py::test_real_verifier_rejects_runtime_skips_and_xfails[xfail]
ERROR experiments/tau-knowledge/skill-evolution/tests/skill_evolution/test_container_integration.py::test_real_revision_edits_parent_without_public_or_private_access
ERROR experiments/tau-knowledge/skill-evolution/tests/skill_evolution/test_container_integration.py::test_real_verifier_inspects_public_files_and_locks_diagnosis_suite
ERROR experiments/tau-knowledge/skill-evolution/tests/skill_evolution/test_container_integration.py::test_real_formal_and_interactive_verifier_share_writable_scratch
ERROR experiments/tau-knowledge/skill-evolution/tests/skill_evolution/test_container_integration.py::test_real_script_failures_are_bounded_and_containers_cleaned[print('not JSON')-invalid_json]
ERROR experiments/tau-knowledge/skill-evolution/tests/skill_evolution/test_container_integration.py::test_real_script_failures_are_bounded_and_containers_cleaned[import unavailable_tau_fixture_dependency-nonzero_exit]
ERROR experiments/tau-knowledge/skill-evolution/tests/skill_evolution/test_container_integration.py::test_real_script_failures_are_bounded_and_containers_cleaned[import time; time.sleep(30)-timeout]
ERROR experiments/tau-knowledge/skill-evolution/tests/skill_evolution/test_container_integration.py::test_real_script_failures_are_bounded_and_containers_cleaned[import sys; sys.stderr.write('x'*8192)-output_limit]
ERROR experiments/tau-knowledge/skill-evolution/tests/skill_evolution/test_skillsbench_integration.py::test_real_task_credentials_use_scoped_values_and_do_not_inherit_provider_key
ERROR experiments/tau-knowledge/skill-evolution/tests/skill_evolution/test_skillsbench_integration.py::test_real_direct_generator_persists_task_state_and_fresh_execution_is_clean
ERROR experiments/tau-knowledge/skill-evolution/tests/skill_evolution/test_skillsbench_integration.py::test_real_direct_generator_reconnects_surviving_container
ERROR experiments/tau-knowledge/skill-evolution/tests/skill_evolution/test_skillsbench_integration.py::test_real_direct_generator_loop_with_local_responses_provider
ERROR experiments/tau-knowledge/skill-evolution/tests/skill_evolution/test_skillsbench_integration.py::test_real_persistent_shell_background_service_and_fresh_episode
ERROR experiments/tau-knowledge/skill-evolution/tests/skill_evolution/test_skillsbench_integration.py::test_real_public_verifier_reads_complete_artifacts_and_locks_diagnosis_tests
ERROR experiments/tau-knowledge/skill-evolution/tests/skill_evolution/test_skillsbench_integration.py::test_real_public_verifier_rejects_existing_outputs_with_broken_export_entry
ERROR experiments/tau-knowledge/skill-evolution/tests/skill_evolution/test_skillsbench_integration.py::test_real_official_grade_uses_closed_same_episode_and_process_environment
1 passed, 5 skipped, 22 errors in 4.06s
