...............EEEEsssssEEEE                                             [100%]
==================================== ERRORS ====================================
_ ERROR at setup of test_real_task_credentials_use_scoped_values_and_do_not_inherit_provider_key _

tmp_path_factory = TempPathFactory(_given_basetemp=None, _trace=<pluggy._tracing.TagTracerSub object at 0x79058860dcd0>, _basetemp=PosixP.../home/tc442/.cache/skillsbench-preparation-tmp/pytest-of-tc442/pytest-3'), _retention_count=3, _retention_policy='all')

    @pytest.fixture(scope="module")
    def prepared(tmp_path_factory):
        if os.environ.get("TAU_RUN_SKILLSBENCH_DOCKER_INTEGRATION") != "1":
            pytest.skip("prepared persistent SkillsBench Docker integration requires explicit opt-in")
        root = Path(os.environ.get("TAU_SKILLSBENCH_ROOT", str(EXPERIMENT_ROOT))).resolve()
        transport = RecordedTransport()
        selected_lock = os.environ.get("TAU_SKILLSBENCH_DOCKER_LOCK")
        runner = SkillsBenchRunner(
            root,
            TASK,
            demo=False,
            transport=transport,
            runtime_lock_path=Path(selected_lock) if selected_lock else None,
        )
        checks = runner.preflight()
>       assert checks["ready"], (
            "explicit Docker integration requires the current prepared episode runtime"
        )
E       AssertionError: explicit Docker integration requires the current prepared episode runtime
E       assert False

experiments/tau-knowledge/skill-evolution/tests/skill_evolution/test_skillsbench_integration.py:93: AssertionError
_ ERROR at setup of test_real_direct_generator_persists_task_state_and_fresh_execution_is_clean _

tmp_path_factory = TempPathFactory(_given_basetemp=None, _trace=<pluggy._tracing.TagTracerSub object at 0x79058860dcd0>, _basetemp=PosixP.../home/tc442/.cache/skillsbench-preparation-tmp/pytest-of-tc442/pytest-3'), _retention_count=3, _retention_policy='all')

    @pytest.fixture(scope="module")
    def prepared(tmp_path_factory):
        if os.environ.get("TAU_RUN_SKILLSBENCH_DOCKER_INTEGRATION") != "1":
            pytest.skip("prepared persistent SkillsBench Docker integration requires explicit opt-in")
        root = Path(os.environ.get("TAU_SKILLSBENCH_ROOT", str(EXPERIMENT_ROOT))).resolve()
        transport = RecordedTransport()
        selected_lock = os.environ.get("TAU_SKILLSBENCH_DOCKER_LOCK")
        runner = SkillsBenchRunner(
            root,
            TASK,
            demo=False,
            transport=transport,
            runtime_lock_path=Path(selected_lock) if selected_lock else None,
        )
        checks = runner.preflight()
>       assert checks["ready"], (
            "explicit Docker integration requires the current prepared episode runtime"
        )
E       AssertionError: explicit Docker integration requires the current prepared episode runtime
E       assert False

experiments/tau-knowledge/skill-evolution/tests/skill_evolution/test_skillsbench_integration.py:93: AssertionError
_ ERROR at setup of test_real_direct_generator_reconnects_surviving_container __

tmp_path_factory = TempPathFactory(_given_basetemp=None, _trace=<pluggy._tracing.TagTracerSub object at 0x79058860dcd0>, _basetemp=PosixP.../home/tc442/.cache/skillsbench-preparation-tmp/pytest-of-tc442/pytest-3'), _retention_count=3, _retention_policy='all')

    @pytest.fixture(scope="module")
    def prepared(tmp_path_factory):
        if os.environ.get("TAU_RUN_SKILLSBENCH_DOCKER_INTEGRATION") != "1":
            pytest.skip("prepared persistent SkillsBench Docker integration requires explicit opt-in")
        root = Path(os.environ.get("TAU_SKILLSBENCH_ROOT", str(EXPERIMENT_ROOT))).resolve()
        transport = RecordedTransport()
        selected_lock = os.environ.get("TAU_SKILLSBENCH_DOCKER_LOCK")
        runner = SkillsBenchRunner(
            root,
            TASK,
            demo=False,
            transport=transport,
            runtime_lock_path=Path(selected_lock) if selected_lock else None,
        )
        checks = runner.preflight()
>       assert checks["ready"], (
            "explicit Docker integration requires the current prepared episode runtime"
        )
E       AssertionError: explicit Docker integration requires the current prepared episode runtime
E       assert False

experiments/tau-knowledge/skill-evolution/tests/skill_evolution/test_skillsbench_integration.py:93: AssertionError
_ ERROR at setup of test_real_direct_generator_loop_with_local_responses_provider _

tmp_path_factory = TempPathFactory(_given_basetemp=None, _trace=<pluggy._tracing.TagTracerSub object at 0x79058860dcd0>, _basetemp=PosixP.../home/tc442/.cache/skillsbench-preparation-tmp/pytest-of-tc442/pytest-3'), _retention_count=3, _retention_policy='all')

    @pytest.fixture(scope="module")
    def prepared(tmp_path_factory):
        if os.environ.get("TAU_RUN_SKILLSBENCH_DOCKER_INTEGRATION") != "1":
            pytest.skip("prepared persistent SkillsBench Docker integration requires explicit opt-in")
        root = Path(os.environ.get("TAU_SKILLSBENCH_ROOT", str(EXPERIMENT_ROOT))).resolve()
        transport = RecordedTransport()
        selected_lock = os.environ.get("TAU_SKILLSBENCH_DOCKER_LOCK")
        runner = SkillsBenchRunner(
            root,
            TASK,
            demo=False,
            transport=transport,
            runtime_lock_path=Path(selected_lock) if selected_lock else None,
        )
        checks = runner.preflight()
>       assert checks["ready"], (
            "explicit Docker integration requires the current prepared episode runtime"
        )
E       AssertionError: explicit Docker integration requires the current prepared episode runtime
E       assert False

experiments/tau-knowledge/skill-evolution/tests/skill_evolution/test_skillsbench_integration.py:93: AssertionError
_ ERROR at setup of test_real_persistent_shell_background_service_and_fresh_episode _

tmp_path_factory = TempPathFactory(_given_basetemp=None, _trace=<pluggy._tracing.TagTracerSub object at 0x79058860dcd0>, _basetemp=PosixP.../home/tc442/.cache/skillsbench-preparation-tmp/pytest-of-tc442/pytest-3'), _retention_count=3, _retention_policy='all')

    @pytest.fixture(scope="module")
    def prepared(tmp_path_factory):
        if os.environ.get("TAU_RUN_SKILLSBENCH_DOCKER_INTEGRATION") != "1":
            pytest.skip("prepared persistent SkillsBench Docker integration requires explicit opt-in")
        root = Path(os.environ.get("TAU_SKILLSBENCH_ROOT", str(EXPERIMENT_ROOT))).resolve()
        transport = RecordedTransport()
        selected_lock = os.environ.get("TAU_SKILLSBENCH_DOCKER_LOCK")
        runner = SkillsBenchRunner(
            root,
            TASK,
            demo=False,
            transport=transport,
            runtime_lock_path=Path(selected_lock) if selected_lock else None,
        )
        checks = runner.preflight()
>       assert checks["ready"], (
            "explicit Docker integration requires the current prepared episode runtime"
        )
E       AssertionError: explicit Docker integration requires the current prepared episode runtime
E       assert False

experiments/tau-knowledge/skill-evolution/tests/skill_evolution/test_skillsbench_integration.py:93: AssertionError
_ ERROR at setup of test_real_public_verifier_reads_complete_artifacts_and_locks_diagnosis_tests _

tmp_path_factory = TempPathFactory(_given_basetemp=None, _trace=<pluggy._tracing.TagTracerSub object at 0x79058860dcd0>, _basetemp=PosixP.../home/tc442/.cache/skillsbench-preparation-tmp/pytest-of-tc442/pytest-3'), _retention_count=3, _retention_policy='all')

    @pytest.fixture(scope="module")
    def prepared(tmp_path_factory):
        if os.environ.get("TAU_RUN_SKILLSBENCH_DOCKER_INTEGRATION") != "1":
            pytest.skip("prepared persistent SkillsBench Docker integration requires explicit opt-in")
        root = Path(os.environ.get("TAU_SKILLSBENCH_ROOT", str(EXPERIMENT_ROOT))).resolve()
        transport = RecordedTransport()
        selected_lock = os.environ.get("TAU_SKILLSBENCH_DOCKER_LOCK")
        runner = SkillsBenchRunner(
            root,
            TASK,
            demo=False,
            transport=transport,
            runtime_lock_path=Path(selected_lock) if selected_lock else None,
        )
        checks = runner.preflight()
>       assert checks["ready"], (
            "explicit Docker integration requires the current prepared episode runtime"
        )
E       AssertionError: explicit Docker integration requires the current prepared episode runtime
E       assert False

experiments/tau-knowledge/skill-evolution/tests/skill_evolution/test_skillsbench_integration.py:93: AssertionError
_ ERROR at setup of test_real_public_verifier_rejects_existing_outputs_with_broken_export_entry _

tmp_path_factory = TempPathFactory(_given_basetemp=None, _trace=<pluggy._tracing.TagTracerSub object at 0x79058860dcd0>, _basetemp=PosixP.../home/tc442/.cache/skillsbench-preparation-tmp/pytest-of-tc442/pytest-3'), _retention_count=3, _retention_policy='all')

    @pytest.fixture(scope="module")
    def prepared(tmp_path_factory):
        if os.environ.get("TAU_RUN_SKILLSBENCH_DOCKER_INTEGRATION") != "1":
            pytest.skip("prepared persistent SkillsBench Docker integration requires explicit opt-in")
        root = Path(os.environ.get("TAU_SKILLSBENCH_ROOT", str(EXPERIMENT_ROOT))).resolve()
        transport = RecordedTransport()
        selected_lock = os.environ.get("TAU_SKILLSBENCH_DOCKER_LOCK")
        runner = SkillsBenchRunner(
            root,
            TASK,
            demo=False,
            transport=transport,
            runtime_lock_path=Path(selected_lock) if selected_lock else None,
        )
        checks = runner.preflight()
>       assert checks["ready"], (
            "explicit Docker integration requires the current prepared episode runtime"
        )
E       AssertionError: explicit Docker integration requires the current prepared episode runtime
E       assert False

experiments/tau-knowledge/skill-evolution/tests/skill_evolution/test_skillsbench_integration.py:93: AssertionError
_ ERROR at setup of test_real_official_grade_uses_closed_same_episode_and_process_environment _

tmp_path_factory = TempPathFactory(_given_basetemp=None, _trace=<pluggy._tracing.TagTracerSub object at 0x79058860dcd0>, _basetemp=PosixP.../home/tc442/.cache/skillsbench-preparation-tmp/pytest-of-tc442/pytest-3'), _retention_count=3, _retention_policy='all')

    @pytest.fixture(scope="module")
    def prepared(tmp_path_factory):
        if os.environ.get("TAU_RUN_SKILLSBENCH_DOCKER_INTEGRATION") != "1":
            pytest.skip("prepared persistent SkillsBench Docker integration requires explicit opt-in")
        root = Path(os.environ.get("TAU_SKILLSBENCH_ROOT", str(EXPERIMENT_ROOT))).resolve()
        transport = RecordedTransport()
        selected_lock = os.environ.get("TAU_SKILLSBENCH_DOCKER_LOCK")
        runner = SkillsBenchRunner(
            root,
            TASK,
            demo=False,
            transport=transport,
            runtime_lock_path=Path(selected_lock) if selected_lock else None,
        )
        checks = runner.preflight()
>       assert checks["ready"], (
            "explicit Docker integration requires the current prepared episode runtime"
        )
E       AssertionError: explicit Docker integration requires the current prepared episode runtime
E       assert False

experiments/tau-knowledge/skill-evolution/tests/skill_evolution/test_skillsbench_integration.py:93: AssertionError
=========================== short test summary info ============================
SKIPPED [1] experiments/tau-knowledge/skill-evolution/tests/skill_evolution/test_skillsbench_integration.py:558: prepared SkillsBench workspace integration requires explicit opt-in
SKIPPED [3] experiments/tau-knowledge/skill-evolution/tests/skill_evolution/test_skillsbench_integration.py:681: prepared SkillsBench workspace integration requires explicit opt-in
SKIPPED [1] experiments/tau-knowledge/skill-evolution/tests/skill_evolution/test_skillsbench_integration.py:782: prepared SkillsBench workspace integration requires explicit opt-in
ERROR experiments/tau-knowledge/skill-evolution/tests/skill_evolution/test_skillsbench_integration.py::test_real_task_credentials_use_scoped_values_and_do_not_inherit_provider_key
ERROR experiments/tau-knowledge/skill-evolution/tests/skill_evolution/test_skillsbench_integration.py::test_real_direct_generator_persists_task_state_and_fresh_execution_is_clean
ERROR experiments/tau-knowledge/skill-evolution/tests/skill_evolution/test_skillsbench_integration.py::test_real_direct_generator_reconnects_surviving_container
ERROR experiments/tau-knowledge/skill-evolution/tests/skill_evolution/test_skillsbench_integration.py::test_real_direct_generator_loop_with_local_responses_provider
ERROR experiments/tau-knowledge/skill-evolution/tests/skill_evolution/test_skillsbench_integration.py::test_real_persistent_shell_background_service_and_fresh_episode
ERROR experiments/tau-knowledge/skill-evolution/tests/skill_evolution/test_skillsbench_integration.py::test_real_public_verifier_reads_complete_artifacts_and_locks_diagnosis_tests
ERROR experiments/tau-knowledge/skill-evolution/tests/skill_evolution/test_skillsbench_integration.py::test_real_public_verifier_rejects_existing_outputs_with_broken_export_entry
ERROR experiments/tau-knowledge/skill-evolution/tests/skill_evolution/test_skillsbench_integration.py::test_real_official_grade_uses_closed_same_episode_and_process_environment
15 passed, 5 skipped, 8 errors in 17.26s
