F                                                                        [100%]
=================================== FAILURES ===================================
__ test_native_async_controller_can_call_sync_oracle_with_its_own_event_loop ___

bundle = SkillBundle(files=mappingproxy({'SKILL.md': '---\nname: evo-current\ndescription: Fixture.\n---\nA\n', 'scripts/main.p...aled reference.\n'}), bundle_hash='fcf85ccd1f236f369a77e4dcee520d2ea92c81c25f1ff665ebd1556e50654dfb', parent_hash=None)

    def oracle(bundle, *, phase):
        observed.append((threading.get_ident(), _RUN.get(), marker.get()))
    
        async def fresh_codex_runtime():
            return original_oracle(bundle, phase=phase)
    
        pending = fresh_codex_runtime()
        try:
>           return asyncio.run(pending)
                   ^^^^^^^^^^^^^^^^^^^^

experiments/tau-knowledge/skill-evolution/tests/skill_evolution/test_skillsbench_evolution.py:656: 
_ _ _ _ _ _ _ _ _ _ _ _ _ _ _ _ _ _ _ _ _ _ _ _ _ _ _ _ _ _ _ _ _ _ _ _ _ _ _ _ 

main = <coroutine object test_native_async_controller_can_call_sync_oracle_with_its_own_event_loop.<locals>.scenario.<locals>.oracle.<locals>.fresh_codex_runtime at 0x73ae19f2b220>

    def run(main, *, debug=None, loop_factory=None):
        """Execute the coroutine and return the result.
    
        This function runs the passed coroutine, taking care of
        managing the asyncio event loop, finalizing asynchronous
        generators and closing the default executor.
    
        This function cannot be called when another asyncio event loop is
        running in the same thread.
    
        If debug is True, the event loop will be run in debug mode.
    
        This function always creates a new event loop and closes it at the end.
        It should be used as a main entry point for asyncio programs, and should
        ideally only be called once.
    
        The executor is given a timeout duration of 5 minutes to shutdown.
        If the executor hasn't finished within that duration, a warning is
        emitted and the executor is closed.
    
        Example:
    
            async def main():
                await asyncio.sleep(1)
                print('hello')
    
            asyncio.run(main())
        """
        if events._get_running_loop() is not None:
            # fail fast with short traceback
>           raise RuntimeError(
                "asyncio.run() cannot be called from a running event loop")
E           RuntimeError: asyncio.run() cannot be called from a running event loop

/usr/lib/python3.12/asyncio/runners.py:190: RuntimeError

The above exception was the direct cause of the following exception:

self = <tau_skill_evolution.skillsbench_evolution.run_author_evolution.<locals>.Controller object at 0x73ae19f4e9c0>
_instruction = 'Public task fixture.\n\nPublic fixture adapter.'
environment = <tau_skill_evolution.author_controller._ControllerEnvironment object at 0x73ae19f4e900>
_context = AgentContext(n_input_tokens=None, n_cache_tokens=None, n_output_tokens=None, cost_usd=None, rollout_details=None, metadata={})

    async def run(self, _instruction, environment, _context):
>       await memory.scenario(self, environment)

experiments/tau-knowledge/skill-evolution/tests/skill_evolution/test_skillsbench_evolution.py:110: 
_ _ _ _ _ _ _ _ _ _ _ _ _ _ _ _ _ _ _ _ _ _ _ _ _ _ _ _ _ _ _ _ _ _ _ _ _ _ _ _ 
experiments/tau-knowledge/skill-evolution/tests/skill_evolution/test_skillsbench_evolution.py:663: in scenario
    value = await agent._run_gt_oracle_check(
experiments/tau-knowledge/skill-evolution/src/tau_skill_evolution/skillsbench_evolution.py:317: in _run_gt_oracle_check
    result = journal.dispatch(
_ _ _ _ _ _ _ _ _ _ _ _ _ _ _ _ _ _ _ _ _ _ _ _ _ _ _ _ _ _ _ _ _ _ _ _ _ _ _ _ 

self = <tau_skill_evolution.journal.Journal object at 0x73ae19f4e120>
operation_id = 'author-gt-0'
payload = {'bundle_hash': 'fcf85ccd1f236f369a77e4dcee520d2ea92c81c25f1ff665ebd1556e50654dfb', 'phase': 'normal'}
callback = <function run_author_evolution.<locals>.Controller._run_gt_oracle_check.<locals>.<lambda> at 0x73ae19f6bec0>

    def dispatch(
        self,
        operation_id: str,
        payload: Any,
        callback: Callable[[], Any],
        *,
        external: bool = True,
    ) -> Any:
        directory, request = self._request(operation_id, payload)
        if self.completed(operation_id):
            return self.response(operation_id)
        if self.status(operation_id) != "NOT_SENT":
            raise UnknownOperation(f"operation {operation_id!r} has an unknown result")
        if external:
            self._state(operation_id, "UNKNOWN")
        try:
            response = callback()
            return self._seal(operation_id, request, response)
        except CredentialError:
            # The client resolves its bearer token before building any request, so
            # nothing reached a service: withdraw the record this call created and
            # let the invocation abort; a later invocation sends it for the first time.
            shutil.rmtree(directory)
            raise
        except BaseException as exc:
            # The request record intentionally remains pending. A transport failure
            # does not establish that the remote service did not execute it.
            if isinstance(exc, (KeyboardInterrupt, SystemExit)):
                raise
            self._failure(operation_id, exc, "UNKNOWN" if external else "NOT_SENT")
            if not external:
                raise
>           raise UnknownOperation(f"operation {operation_id!r} has an unknown result") from exc
E           tau_skill_evolution.journal.UnknownOperation: operation 'author-gt-0' has an unknown result

experiments/tau-knowledge/skill-evolution/src/tau_skill_evolution/journal.py:201: UnknownOperation

The above exception was the direct cause of the following exception:

mapped_run = (<function mapped_run.<locals>.run at 0x73ae19f6ade0>, namespace(files={'SKILL.md': '---\nname: evo-current\ndescripti...2ea92c81c25f1ff665ebd1556e50654dfb', parent_hash=None), <tau_skill_evolution.journal.Journal object at 0x73ae19f4e120>)

    def test_native_async_controller_can_call_sync_oracle_with_its_own_event_loop(mapped_run):
        from tau_skill_evolution.author_verifier import _RUN
    
        run, memory, initial, journal = mapped_run
        marker = contextvars.ContextVar("test_oracle_task_scope")
        observed = []
        original_oracle = memory.session.adapter.oracle
    
        async def scenario(agent, environment):
            await submit(agent, environment, 1)
            controller_thread = threading.get_ident()
            author_scope = _RUN.get()
            token = marker.set("fixture-task-only")
    
            def oracle(bundle, *, phase):
                observed.append((threading.get_ident(), _RUN.get(), marker.get()))
    
                async def fresh_codex_runtime():
                    return original_oracle(bundle, phase=phase)
    
                pending = fresh_codex_runtime()
                try:
                    return asyncio.run(pending)
                except BaseException:
                    pending.close()
                    raise
    
            memory.session.adapter.oracle = oracle
            try:
                value = await agent._run_gt_oracle_check(
                    "Public task", environment, evolved_skills_dir=memory.export(initial, "gt")
                )
            finally:
                marker.reset(token)
            assert value["passed"]
            assert len(observed) == 1
            worker_thread, inherited_author_scope, inherited_marker = observed[0]
            assert worker_thread != controller_thread
            assert inherited_author_scope is author_scope
            assert inherited_marker == "fixture-task-only"
            assert _RUN.get() is author_scope
    
>       result = run(scenario)
                 ^^^^^^^^^^^^^

experiments/tau-knowledge/skill-evolution/tests/skill_evolution/test_skillsbench_evolution.py:676: 
_ _ _ _ _ _ _ _ _ _ _ _ _ _ _ _ _ _ _ _ _ _ _ _ _ _ _ _ _ _ _ _ _ _ _ _ _ _ _ _ 
experiments/tau-knowledge/skill-evolution/tests/skill_evolution/test_skillsbench_evolution.py:158: in run
    return facade.run_author_evolution(
experiments/tau-knowledge/skill-evolution/src/tau_skill_evolution/skillsbench_evolution.py:489: in run_author_evolution
    journal.dispatch(
_ _ _ _ _ _ _ _ _ _ _ _ _ _ _ _ _ _ _ _ _ _ _ _ _ _ _ _ _ _ _ _ _ _ _ _ _ _ _ _ 

self = <tau_skill_evolution.journal.Journal object at 0x73ae19f4e120>
operation_id = 'published-author-controller'
payload = {'base_hash': 'ae44582298e6c68bfe820b4be8c7e33bf9da96bfc41bd08705f714c5d59fa319', 'initial_bundle_hash': 'fcf85ccd1f236f369a77e4dcee520d2ea92c81c25f1ff665ebd1556e50654dfb'}
callback = <function run_author_evolution.<locals>.run at 0x73ae19f6af20>

    def dispatch(
        self,
        operation_id: str,
        payload: Any,
        callback: Callable[[], Any],
        *,
        external: bool = True,
    ) -> Any:
        directory, request = self._request(operation_id, payload)
        if self.completed(operation_id):
            return self.response(operation_id)
        if self.status(operation_id) != "NOT_SENT":
            raise UnknownOperation(f"operation {operation_id!r} has an unknown result")
        if external:
            self._state(operation_id, "UNKNOWN")
        try:
            response = callback()
            return self._seal(operation_id, request, response)
        except CredentialError:
            # The client resolves its bearer token before building any request, so
            # nothing reached a service: withdraw the record this call created and
            # let the invocation abort; a later invocation sends it for the first time.
            shutil.rmtree(directory)
            raise
        except BaseException as exc:
            # The request record intentionally remains pending. A transport failure
            # does not establish that the remote service did not execute it.
            if isinstance(exc, (KeyboardInterrupt, SystemExit)):
                raise
            self._failure(operation_id, exc, "UNKNOWN" if external else "NOT_SENT")
            if not external:
                raise
>           raise UnknownOperation(f"operation {operation_id!r} has an unknown result") from exc
E           tau_skill_evolution.journal.UnknownOperation: operation 'published-author-controller' has an unknown result

experiments/tau-knowledge/skill-evolution/src/tau_skill_evolution/journal.py:201: UnknownOperation
=========================== short test summary info ============================
FAILED experiments/tau-knowledge/skill-evolution/tests/skill_evolution/test_skillsbench_evolution.py::test_native_async_controller_can_call_sync_oracle_with_its_own_event_loop
1 failed, 21 deselected in 2.08s
